Router>en
Router#conf t
Enter configuration commands, one per line.  End with CNTL/Z.
Router(config)#ip dhcp lan 1
                       ^
% Invalid input detected at '^' marker.
	
Router(config)#ip dhcp lan1
                       ^
% Invalid input detected at '^' marker.
	
Router(config)#ip dhcp pool lan1
Router(dhcp-config)#network 10.0.0.0 255.0.0.0
Router(dhcp-config)#default-router 10.0.0.1
Router(dhcp-config)#dns-server 8.8.8.8
Router(dhcp-config)#ip dhcp pool lan2
Router(dhcp-config)#network 20.0.0.0 255.0.0.0
Router(dhcp-config)#default-router 20.0.0.1
Router(dhcp-config)#dns-server 8.8.8.8
Router(dhcp-config)#end
Router#
%SYS-5-CONFIG_I: Configured from console by console

Router#conf t
Router(config)#int fa0/0
Router(config-if)#ip add 10.0.0.1 255.0.0.0
Router(config-if)#no shut

Router(config-if)#
%LINK-5-CHANGED: Interface FastEthernet0/0, changed state to up

%LINEPROTO-5-UPDOWN: Line protocol on Interface FastEthernet0/0, changed state to up

Router(config-if)#int fa1/0
Router(config-if)#ip add 20.0.0.1 255.0.0.0
Router(config-if)#no shut

Router(config-if)#
%LINK-5-CHANGED: Interface FastEthernet1/0, changed state to up

%LINEPROTO-5-UPDOWN: Line protocol on Interface FastEthernet1/0, changed state to up

Router(config-if)#ex
Router(config)#ex
Router#
%SYS-5-CONFIG_I: Configured from console by console

Router#wr
Building configuration...
[OK]
